[
  {
    "teamName": "PSG",
    "teamScore": 30,
    "teamSlogan": "Paris est magique",
    "scoreStats": {
      "topScorerFirstName": "Kylian",
      "topScorerLastName": "Mbappe",
      "topScorerGoalsNumber": 15,
      "topScorerGamesNumber": 13,
      "totalScoreNumber": 48
    }
  },
  {
    "teamName": "Real",
    "teamScore": 25,
    "teamSlogan": "Hala Madrid",
    "scoreStats": {
      "topScorerFirstName": "Karim",
      "topScorerLastName": "Benzema",
      "topScorerGoalsNumber": 14,
      "topScorerGamesNumber": 13,
      "totalScoreNumber": 41
    }
  }
]